interactions:
- request:
    body: '{"id": "batch_paas_f0de0ddf", "vmSize": "standard_d1_v2", "cloudServiceConfiguration":
      {"osFamily": "5"}, "startTask": {"commandLine": "cmd.exe /c \"echo hello world\"",
      "resourceFiles": [{"httpUrl": "https://blobsource.com", "filePath": "filename.txt"}],
      "environmentSettings": [{"name": "ENV_VAR", "value": "env_value"}], "userIdentity":
      {"autoUser": {"elevationLevel": "admin"}}}}'
    headers:
      Accept:
      - application/json
      Accept-Encoding:
      - gzip, deflate
      Connection:
      - keep-alive
      Content-Length:
      - '383'
      Content-Type:
      - application/json; odata=minimalmetadata; charset=utf-8
      User-Agent:
      - python/3.8.3 (macOS-10.15.7-x86_64-i386-64bit) msrest/0.6.21 msrest_azure/0.6.4
        azure-batch/11.0.0 Azure-SDK-For-Python
      accept-language:
      - en-US
      ocp-date:
      - Sat, 17 Jul 2021 11:47:24 GMT
    method: POST
    uri: https://batch.southcentralus.batch.azure.com/pools?api-version=2021-06-01.14.0
  response:
    body:
      string: ''
    headers:
      dataserviceid:
      - https://batchf0de0ddf.southcentralus.batch.azure.com/pools/batch_paas_f0de0ddf
      dataserviceversion:
      - '3.0'
      date:
      - Sat, 17 Jul 2021 11:47:28 GMT
      etag:
      - '0x8D94918A767A1B4'
      last-modified:
      - Sat, 17 Jul 2021 11:47:28 GMT
      location:
      - https://batch.southcentralus.batch.azure.com/pools/batch_paas_f0de0ddf
      request-id:
      - 255f6d9f-d0ae-4472-a7cf-2d616f47aaf9
      server:
      - Microsoft-HTTPAPI/2.0
      strict-transport-security:
      - max-age=31536000; includeSubDomains
      transfer-encoding:
      - chunked
      x-content-type-options:
      - nosniff
    status:
      code: 201
      message: Created
- request:
    body: '{"certificateReferences": [], "applicationPackageReferences": [], "metadata":
      [{"name": "foo", "value": "bar"}]}'
    headers:
      Accept:
      - application/json
      Accept-Encoding:
      - gzip, deflate
      Connection:
      - keep-alive
      Content-Length:
      - '112'
      Content-Type:
      - application/json; odata=minimalmetadata; charset=utf-8
      User-Agent:
      - python/3.8.3 (macOS-10.15.7-x86_64-i386-64bit) msrest/0.6.21 msrest_azure/0.6.4
        azure-batch/11.0.0 Azure-SDK-For-Python
      accept-language:
      - en-US
      ocp-date:
      - Sat, 17 Jul 2021 11:47:25 GMT
    method: POST
    uri: https://batch.southcentralus.batch.azure.com/pools/batch_paas_f0de0ddf/updateproperties?api-version=2021-06-01.14.0
  response:
    body:
      string: ''
    headers:
      content-length:
      - '0'
      dataserviceid:
      - https://batchf0de0ddf.southcentralus.batch.azure.com/pools/batch_paas_f0de0ddf/updateproperties
      dataserviceversion:
      - '3.0'
      date:
      - Sat, 17 Jul 2021 11:47:29 GMT
      etag:
      - '0x8D94918A83C7EC2'
      last-modified:
      - Sat, 17 Jul 2021 11:47:30 GMT
      request-id:
      - c7a4442a-cf02-41ac-82b2-8d8f4da7ac4e
      server:
      - Microsoft-HTTPAPI/2.0
      strict-transport-security:
      - max-age=31536000; includeSubDomains
      x-content-type-options:
      - nosniff
    status:
      code: 204
      message: No Content
- request:
    body: '{"metadata": [{"name": "foo2", "value": "bar2"}]}'
    headers:
      Accept:
      - application/json
      Accept-Encoding:
      - gzip, deflate
      Connection:
      - keep-alive
      Content-Length:
      - '49'
      Content-Type:
      - application/json; odata=minimalmetadata; charset=utf-8
      User-Agent:
      - python/3.8.3 (macOS-10.15.7-x86_64-i386-64bit) msrest/0.6.21 msrest_azure/0.6.4
        azure-batch/11.0.0 Azure-SDK-For-Python
      accept-language:
      - en-US
      ocp-date:
      - Sat, 17 Jul 2021 11:47:26 GMT
    method: PATCH
    uri: https://batch.southcentralus.batch.azure.com/pools/batch_paas_f0de0ddf?api-version=2021-06-01.14.0
  response:
    body:
      string: ''
    headers:
      dataserviceid:
      - https://batchf0de0ddf.southcentralus.batch.azure.com/pools/batch_paas_f0de0ddf
      dataserviceversion:
      - '3.0'
      date:
      - Sat, 17 Jul 2021 11:47:29 GMT
      etag:
      - '0x8D94918A854E8CA'
      last-modified:
      - Sat, 17 Jul 2021 11:47:30 GMT
      request-id:
      - fc259962-f54e-4518-801a-0a8903a0bec1
      server:
      - Microsoft-HTTPAPI/2.0
      strict-transport-security:
      - max-age=31536000; includeSubDomains
      transfer-encoding:
      - chunked
      x-content-type-options:
      - nosniff
    status:
      code: 200
      message: OK
- request:
    body: null
    headers:
      Accept:
      - application/json
      Accept-Encoding:
      - gzip, deflate
      Connection:
      - keep-alive
      User-Agent:
      - python/3.8.3 (macOS-10.15.7-x86_64-i386-64bit) msrest/0.6.21 msrest_azure/0.6.4
        azure-batch/11.0.0 Azure-SDK-For-Python
      accept-language:
      - en-US
      ocp-date:
      - Sat, 17 Jul 2021 11:47:26 GMT
    method: HEAD
    uri: https://batch.southcentralus.batch.azure.com/pools/batch_paas_f0de0ddf?api-version=2021-06-01.14.0
  response:
    body:
      string: ''
    headers:
      dataserviceversion:
      - '3.0'
      date:
      - Sat, 17 Jul 2021 11:47:29 GMT
      etag:
      - '0x8D94918A854E8CA'
      last-modified:
      - Sat, 17 Jul 2021 11:47:30 GMT
      request-id:
      - 51f9a6d3-07e8-4eaa-8f5d-26575ac210c0
      server:
      - Microsoft-HTTPAPI/2.0
      strict-transport-security:
      - max-age=31536000; includeSubDomains
      transfer-encoding:
      - chunked
      x-content-type-options:
      - nosniff
    status:
      code: 200
      message: OK
- request:
    body: null
    headers:
      Accept:
      - application/json
      Accept-Encoding:
      - gzip, deflate
      Connection:
      - keep-alive
      User-Agent:
      - python/3.8.3 (macOS-10.15.7-x86_64-i386-64bit) msrest/0.6.21 msrest_azure/0.6.4
        azure-batch/11.0.0 Azure-SDK-For-Python
      accept-language:
      - en-US
      ocp-date:
      - Sat, 17 Jul 2021 11:47:27 GMT
    method: GET
    uri: https://batch.southcentralus.batch.azure.com/pools/batch_paas_f0de0ddf?api-version=2021-06-01.14.0
  response:
    body:
      string: "{\r\n  \"odata.metadata\":\"https://batch.southcentralus.batch.azure.com/$metadata#pools/@Element\",\"id\":\"batch_paas_f0de0ddf\",\"url\":\"https://batch.southcentralus.batch.azure.com/pools/batch_paas_f0de0ddf\",\"eTag\":\"0x8D94918A854E8CA\",\"lastModified\":\"2021-07-17T11:47:30.1815498Z\",\"creationTime\":\"2021-07-17T11:47:28.6265268Z\",\"state\":\"active\",\"stateTransitionTime\":\"2021-07-17T11:47:28.6265268Z\",\"allocationState\":\"steady\",\"allocationStateTransitionTime\":\"2021-07-17T11:47:30.0025467Z\",\"vmSize\":\"standard_d1_v2\",\"resizeTimeout\":\"PT15M\",\"currentDedicatedNodes\":0,\"targetDedicatedNodes\":0,\"currentLowPriorityNodes\":0,\"targetLowPriorityNodes\":0,\"enableAutoScale\":false,\"enableInterNodeCommunication\":false,\"certificateReferences\":[],\"metadata\":[\r\n
        \   {\r\n      \"name\":\"foo2\",\"value\":\"bar2\"\r\n    }\r\n  ],\"taskSlotsPerNode\":1,\"taskSchedulingPolicy\":{\r\n
        \   \"nodeFillType\":\"Spread\"\r\n  },\"cloudServiceConfiguration\":{\r\n
        \   \"osFamily\":\"5\",\"osVersion\":\"*\"\r\n  }\r\n}"
    headers:
      content-type:
      - application/json;odata=minimalmetadata
      dataserviceversion:
      - '3.0'
      date:
      - Sat, 17 Jul 2021 11:47:30 GMT
      etag:
      - '0x8D94918A854E8CA'
      last-modified:
      - Sat, 17 Jul 2021 11:47:30 GMT
      request-id:
      - d4f1f074-4600-4de5-b75c-18df3595829e
      server:
      - Microsoft-HTTPAPI/2.0
      strict-transport-security:
      - max-age=31536000; includeSubDomains
      transfer-encoding:
      - chunked
      x-content-type-options:
      - nosniff
    status:
      code: 200
      message: OK
- request:
    body: null
    headers:
      Accept:
      - application/json
      Accept-Encoding:
      - gzip, deflate
      Connection:
      - keep-alive
      User-Agent:
      - python/3.8.3 (macOS-10.15.7-x86_64-i386-64bit) msrest/0.6.21 msrest_azure/0.6.4
        azure-batch/11.0.0 Azure-SDK-For-Python
      accept-language:
      - en-US
      ocp-date:
      - Sat, 17 Jul 2021 11:47:27 GMT
      return-client-request-id:
      - 'false'
    method: GET
    uri: https://batch.southcentralus.batch.azure.com/pools/batch_paas_f0de0ddf?api-version=2021-06-01.14.0&$select=id%2Cstate&$expand=stats&timeout=30
  response:
    body:
      string: "{\r\n  \"odata.metadata\":\"https://batch.southcentralus.batch.azure.com/$metadata#pools/@Element\",\"id\":\"batch_paas_f0de0ddf\",\"state\":\"active\"\r\n}"
    headers:
      content-type:
      - application/json;odata=minimalmetadata
      dataserviceversion:
      - '3.0'
      date:
      - Sat, 17 Jul 2021 11:47:30 GMT
      etag:
      - '0x8D94918A854E8CA'
      last-modified:
      - Sat, 17 Jul 2021 11:47:30 GMT
      request-id:
      - 5934b7fb-455d-4955-830d-29002a9d53c9
      server:
      - Microsoft-HTTPAPI/2.0
      strict-transport-security:
      - max-age=31536000; includeSubDomains
      transfer-encoding:
      - chunked
      x-content-type-options:
      - nosniff
    status:
      code: 200
      message: OK
- request:
    body: null
    headers:
      Accept:
      - application/json
      Accept-Encoding:
      - gzip, deflate
      Connection:
      - keep-alive
      Content-Length:
      - '0'
      User-Agent:
      - python/3.8.3 (macOS-10.15.7-x86_64-i386-64bit) msrest/0.6.21 msrest_azure/0.6.4
        azure-batch/11.0.0 Azure-SDK-For-Python
      accept-language:
      - en-US
      ocp-date:
      - Sat, 17 Jul 2021 11:47:27 GMT
    method: DELETE
    uri: https://batch.southcentralus.batch.azure.com/pools/batch_paas_f0de0ddf?api-version=2021-06-01.14.0
  response:
    body:
      string: ''
    headers:
      dataserviceversion:
      - '3.0'
      date:
      - Sat, 17 Jul 2021 11:47:30 GMT
      request-id:
      - 5f91f941-8597-4367-9bf7-f63e8aae5267
      server:
      - Microsoft-HTTPAPI/2.0
      strict-transport-security:
      - max-age=31536000; includeSubDomains
      transfer-encoding:
      - chunked
      x-content-type-options:
      - nosniff
    status:
      code: 202
      message: Accepted
version: 1
